wall:wall:wall:wall:wall:wall:wall:wall:wall:wall:wall:wall:wall:wall:wall:none:wall:wind:wind:wind:wind:wind:wall:wall:wall:wall:wall:wall:wall:wall:wall:wall
wind:l254:null:l248:null:l242:null:l236:null:l231:null:l226:null:null:wall:none:wall:null:l125:null:null:null:null:none:null:l056,14,3:null:null:null:null:null:wall
wind:l253:null:l247:null:l241:null:l235:null:l230:null:l225:null:null:door:none:wall:null:null:null:null:null:null:none:null:sock,14,3:null:sock,14,2:null:sock,14,1:null:wind
wind:l252:null:l246:null:l240:null:null:null:null:null:null:null:null:wall:none:wall:l105:l104:l103:null:l102:l101:none:l062,14,3:l061,14,3:null:l060,14,2:l059,14,2:l058,14,1:l057,14,1:wind
wind:null:null:null:null:null:null:null:null:null:null:null:null:null:wall:none:wall:null:null:null:null:null:null:none:null:sock,1,3:null:sock,1,2:null:sock,1,1:null:wind
wind:l251:null:l245:null:l239:null:l234:null:l229:null:l224:null:l221:wall:none:wall:l110:l109:l108:null:l107:l106:none:l068,1,3:l067,1,3:null:l066,1,2:l065,1,2:l064,1,1:l063,1,1:wind
wind:l250:null:l244:null:l238:null:l233:null:l228:null:l223:null:null:wall:none:wall:null:null:null:null:null:null:none:null:sock,2,3:null:sock,2,2:null:sock,2,1:null:wind
wind:l249:null:l243:null:l237:null:l232:null:l227:null:l222:null:null:wall:none:wall:l114:l113:l112:null:l111:wall:none:l074,2,3:l073,2,3:null:l072,2,2:l071,2,2:l070,2,1:l069,2,1:wall
wall:none:none:none:none:none:none:wall:none:none:none:none:none:null:wall:none:wall:null:null:null:null:null:null:none:null:sock,3,3:null:sock,3,2:null:sock,3,1:null:wind
wind:l220:null:l214:null:l208:null:l202:null:l197:null:l192:null:null:wall:none:wall:l119:l118:l117:null:l116:l115:none:l080,3,3:l079,3,3:null:l078,3,2:l077,3,2:l076,3,1:l075,3,1:wind
wind:l219:null:l213:null:l207:null:l201:null:l196:null:l191:null:null:wall:none:wall:null:null:null:null:null:null:none:null:null:null:null:null:null:null:wind
wind:l218:null:l212:null:l206:null:l200:null:l195:null:l190:null:l187:wall:none:wall:l124:l123:l122:null:l121:l120:none:l086:l085:null:l084:l083:l082:l081:wind
wind:null:null:null:null:null:null:null:null:null:null:null:null:null:wall:none:wall:null:null:null:null:null:null:none:null:null:null:null:null:null:null:wind
wind:l217:null:l211:null:l205:null:null:null:null:null:null:null:null:wall:none:wall:wall:wall:wall:door:wall:wall:none:null:null:null:l090:l089:l088:l087:wall
wind:l216:null:l210:null:l204:null:l199:null:l194:null:l189:null:null:door:none:null:null:null:null:null:null:wall:null:null:null:null:null:null:null:null:wind
wind:l215:null:l209:null:l203:null:l198:null:l193:null:l188:null:null:wall:none:null:null:null:null:null:null:door:null:null:null:l095:l094:l093:l092:l091:wind
wall:wind:wind:wind:wind:wind:wind:wall:none:none:none:none:none:null:wall:none:null:null:null:null:null:null:door:null:null:null:null:null:null:null:null:wind
wind:l186:null:l183:null:l180:null:l177:null:l174:null:l171:null:null:wall:none:null:null:null:null:null:null:wall:null:null:null:l100:l099:l098:l097:l096:wind
wind:l185:null:l182:null:l179:null:l176:null:l173:null:l170:null:null:wall:none:null:null:null:null:null:null:wall:null:null:null:null:null:null:null:null:wind
wind:l184:null:l181:null:l178:null:l175:null:l172:null:l169:null:null:wall:none:null:null:null:null:null:null:wall:wall:door:wall:wall:wall:wall:wall:wall:wall
wind:null:null:null:null:null:null:null:null:null:null:null:null:null:wall:none:null:null:null:null:null:null:null:null:null:null:null:null:null:null:null:null
wind:l168:null:l165:null:l162:null:l159:null:l157:null:l154:null:l133:wall:none:null:null:l050:null:null:l051:null:null:l052:null:null:l053:null:null:null:null
wind:l167:null:l164:null:l161:null:l158:null:l156:null:l153:null:null:wall:none:null:null:null:null:null:null:null:null:null:null:null:null:null:null:null:null
wall:l166:null:l163:null:l160:null:wall:null:l155:null:l152:null:null:wall:none:null:null:l054:null:null:l055:null:null:l126:null:null:null:null:null:null:null
wind:null:null:null:null:null:null:null:null:null:null:null:null:null:wall:none:null:null:null:null:null:null:null:null:null:null:null:null:null:null:null:null
wind:l151:null:l148:null:l145:null:l142:null:l139:null:l136:null:null:wall:none:null:null:l130:null:null:l131:null:null:l132:null:null:null:null:null:null:null
wind:l150:null:l147:null:l144:null:l141:null:l138:null:l135:null:null:door:none:null:null:null:null:null:null:null:null:null:null:null:null:null:null:null:null
wind:l149:null:l146:null:l143:null:l140:null:l137:null:l134:null:null:wall:none:null:null:null:null:null:null:null:null:null:null:null:null:null:null:null:null
wall:wind:wind:wind:wind:wind:wind:wall:wind:wind:wind:wind:wind:door:wall:none:null:null:null:null:null:null:null:null:null:null:null:null:null:null:null:null
wind:null:null:null:null:null:null:wall:l127:l128:none:serv:none:null:wall:none:null:null:null:null:null:null:null:null:null:null:null:null:null:null:null:null
wind:null:null:null:null:null:null:door:null:null:null:null:null:null:wall:none:null:null:null:null:null:null:null:null:null:null:null:null:null:null:null:null
wall:wall:wall:wall:wall:wall:wall:wall:wall:wall:wall:wall:wall:wall:wall:none:null:null:null:null:null:null:null:null:null:null:null:null:null:null:null:null